[Bootstrap]
SetupTitle=Instalar
SetupText=Copiando archivos, espere.
CabFile=KRIEGO.CAB
Spawn=Setup1.exe
Uninstal=st6unst.exe
TmpDir=msftqws.pdw

[Bootstrap Files]
File1=@VB6STKIT.DLL,$(WinSysPathSysFile),,,7/15/00 12:00:00 AM,101888,6.0.84.50
File2=@COMCAT.DLL,$(WinSysPathSysFile),$(DLLSelfRegister),,6/1/98 12:00:00 AM,22288,4.71.1460.1
File3=@VB6ES.DLL,$(WinSysPath),,$(Shared),10/2/00 12:00:00 AM,119568,6.0.89.88
File4=@stdole2.tlb,$(WinSysPathSysFile),$(TLBRegister),,7/13/09 6:43:53 PM,16896,6.1.7600.16385
File5=@asycfilt.dll,$(WinSysPathSysFile),,,11/20/10 10:23:51 PM,67584,6.1.7601.17514
File6=@olepro32.dll,$(WinSysPathSysFile),$(DLLSelfRegister),,11/20/10 10:24:03 PM,90112,6.1.7601.17514
File7=@oleaut32.dll,$(WinSysPathSysFile),$(DLLSelfRegister),,8/26/11 11:26:27 PM,571904,6.1.7601.17676
File8=@msvbvm60.dll,$(WinSysPathSysFile),$(DLLSelfRegister),,7/13/09 8:15:50 PM,1386496,6.0.98.15

[IconGroups]
Group0=KRIEGO
PrivateGroup0=Falso
Parent0=$(Programs)

[KRIEGO]
Icon1="KRIEGO.exe"
Title1=KRIEGO
StartIn1=$(AppPath)
Icon2="KRIEGO.exe"
Title2=Icon7
StartIn2=$(AppPath)

[Setup]
Title=PROYECTO1
DefaultDir=$(ProgramFiles)\Proyecto1
AppExe=KRIEGO.exe
AppToUninstall=KRIEGO.exe

[Setup1 Files]
File1=@Calc.ico,$(AppPath),,,9/20/96 2:00:00 PM,766,0.0.0.0
File2=@recta.bmp,$(AppPath),,,3/15/01 10:37:00 AM,57694,0.0.0.0
File3=@tria.bmp,$(AppPath),,,3/15/01 10:59:00 AM,61994,0.0.0.0
File4=@trape.bmp,$(AppPath),,,3/15/01 10:59:00 AM,60690,0.0.0.0
File5=@HIDROCICLON.jpg,$(AppPath),,,11/17/01 1:53:50 AM,94769,0.0.0.0
File6=@GRAVA1.jpg,$(AppPath),,,12/8/01 11:20:18 PM,34045,0.0.0.0
File7=@malla.jpg,$(AppPath),,,12/9/01 1:51:52 AM,49082,0.0.0.0
File8=@anillohidro.jpg,$(AppPath),,,12/9/01 2:11:46 AM,49577,0.0.0.0
File9=@inytipico.jpg,$(AppPath),,,6/2/02 7:21:28 AM,81591,0.0.0.0
File10=@retrotipico.jpg,$(AppPath),,,6/2/02 3:57:46 PM,85972,0.0.0.0
File11=@inytipicom.jpg,$(AppPath),,,6/2/02 4:27:00 PM,29412,0.0.0.0
File12=@inyconbombam.jpg,$(AppPath),,,6/2/02 5:02:24 PM,26366,0.0.0.0
File13=@lamina1.JPG,$(AppPath),,,6/3/02 4:29:46 PM,30641,0.0.0.0
File14=@una.jpg,$(AppPath),,,6/4/02 1:42:34 AM,5683,0.0.0.0
File15=@epg.jpg,$(AppPath),,,6/4/02 4:22:46 AM,4432,0.0.0.0
File16=@materiaorg.jpg,$(AppPath),,,12/6/02 10:22:00 AM,14088,0.0.0.0
File17=@MATERIA.jpg,$(AppPath),,,12/12/02 2:19:54 AM,25668,0.0.0.0
File18=@materia1.jpg,$(AppPath),,,12/16/02 11:29:24 AM,26562,0.0.0.0
File19=@caña2.jpg,$(AppPath),,,12/16/02 8:13:30 PM,90424,0.0.0.0
File20=@chinecas.jpg,$(AppPath),,,4/14/03 8:07:46 AM,58371,0.0.0.0
File21=@rbc.jpg,$(AppPath),,,6/11/03 12:05:00 PM,19010,0.0.0.0
File22=@parshall.JPG,$(AppPath),,,8/6/03 6:18:00 AM,23479,0.0.0.0
File23=@ImageEPG.jpg,$(AppPath),,,10/8/04 11:39:08 AM,59091,0.0.0.0
File24=@lateral.jpg,$(AppPath),,,8/23/06 10:16:26 AM,96128,0.0.0.0
File25=@sal_goteo.jpg,$(AppPath),,,8/23/06 10:16:28 AM,88274,0.0.0.0
File26=@bqto_agosto.JPG,$(AppPath),,,8/9/08 3:37:56 PM,79531,0.0.0.0
File27=@TANQUE.JPG,$(AppPath),,,11/5/07 3:27:58 PM,87947,0.0.0.0
File28=@TAN1.JPG,$(AppPath),,,11/5/07 6:05:12 PM,79632,0.0.0.0
File29=@TAN2.JPG,$(AppPath),,,11/6/07 10:23:26 PM,53695,0.0.0.0
File30=@HIDROCICLON_GRAFICO.JPG,$(AppPath),,,12/13/07 2:01:36 PM,23231,0.0.0.0
File31=@anillos_manual.JPG,$(AppPath),,,12/25/07 3:55:02 PM,47977,0.0.0.0
File32=@GRAVA2.JPG,$(AppPath),,,12/25/07 5:07:28 PM,117696,0.0.0.0
File33=@sist_fert.jpg,$(AppPath),,,12/25/07 7:31:58 PM,55139,0.0.0.0
File34=@RET_ANILLO.JPG,$(AppPath),,,12/25/07 8:38:30 PM,81949,0.0.0.0
File35=@MANUAL_ANILLO.JPG,$(AppPath),,,12/25/07 9:02:52 PM,98480,0.0.0.0
File36=@GRAVA3.JPG,$(AppPath),,,1/19/08 12:51:44 AM,223485,0.0.0.0
File37=@grava_grafico.JPG,$(AppPath),,,1/19/08 11:40:48 AM,25581,0.0.0.0
File38=@malla_grafico.JPG,$(AppPath),,,1/20/08 12:53:54 PM,42762,0.0.0.0
File39=@grava001.jpg,$(AppPath),,,1/20/08 5:29:58 PM,46988,0.0.0.0
File40=@succion_bomba.jpg,$(AppPath),,,3/9/08 10:15:42 PM,103826,0.0.0.0
File41=@CANALES.mdb,$(AppPath),,,11/30/08 2:55:02 PM,493568,0.0.0.0
File42=@kerla.dat,$(AppPath),,,1/29/09 9:33:07 AM,301,0.0.0.0
File43=@tarapaca.jpg,$(AppPath),,,3/27/15 1:41:58 AM,2249742,0.0.0.0
File44=@B1.jpg,$(AppPath),,,5/29/13 10:07:45 PM,77859,0.0.0.0
File45=@B2.jpg,$(AppPath),,,5/29/13 10:17:30 PM,86590,0.0.0.0
File46=@B3.jpg,$(AppPath),,,5/29/13 10:21:16 PM,114879,0.0.0.0
File47=@B4.jpg,$(AppPath),,,5/29/13 10:36:05 PM,134946,0.0.0.0
File48=@B5.jpg,$(AppPath),,,5/29/13 10:39:15 PM,125028,0.0.0.0
File49=@B6.jpg,$(AppPath),,,5/29/13 10:41:50 PM,115124,0.0.0.0
File50=@B7.jpg,$(AppPath),,,5/29/13 10:50:48 PM,131254,0.0.0.0
File51=@B8.jpg,$(AppPath),,,5/29/13 10:55:39 PM,147671,0.0.0.0
File52=@B9.jpg,$(AppPath),,,5/29/13 10:58:55 PM,131541,0.0.0.0
File53=@RESER.jpg,$(AppPath),,,3/22/15 2:58:42 PM,16955,0.0.0.0
File54=@goteo marzo 15.jpg,$(AppPath),,,3/28/15 1:36:13 PM,113564,0.0.0.0
File55=@SYSTE.W32,$(AppPath),,,8/31/17 2:49:36 PM,1870,0.0.0.0
File56=@ kerla.dat,$(AppPath),,,11/28/15 6:57:42 PM,83,0.0.0.0
File57=@bom2.jpg,$(AppPath),,,7/5/15 10:55:02 PM,162215,0.0.0.0
File58=@BOM3.jpg,$(AppPath),,,7/6/15 1:16:46 AM,151367,0.0.0.0
File59=@BOM4.jpg,$(AppPath),,,7/6/15 1:34:55 AM,99291,0.0.0.0
File60=@REGEOM.jpg,$(AppPath),,,8/23/17 11:03:50 PM,12433,0.0.0.0
File61=@REGEOM1.jpg,$(AppPath),,,8/23/17 10:14:27 PM,3637,0.0.0.0
File62=@DBGRDES.DLL,$(WinSysPath),,$(Shared),7/28/98 12:00:00 AM,34304,1.0.0.126
File63=@dbgrid32.ocx,$(WinSysPath),$(DLLSelfRegister),$(Shared),11/1/12 8:53:56 AM,567104,5.1.98.13
File64=@MSCH2ES.DLL,$(WinSysPath),,$(Shared),7/28/98 12:00:00 AM,108032,6.0.81.63
File65=@MSChrt20.ocx,$(WinSysPath),$(DLLSelfRegister),$(Shared),11/1/12 8:53:56 AM,1029968,6.1.98.16
File66=@FLXGDES.DLL,$(WinSysPath),,$(Shared),7/28/98 12:00:00 AM,40448,6.0.81.63
File67=@MSFlxGrd.ocx,$(WinSysPath),$(DLLSelfRegister),$(Shared),11/1/12 8:53:56 AM,258880,6.1.98.14
File68=@KRIEGO.exe,$(AppPath),,,8/31/17 2:49:53 PM,2523136,1.0.0.0

; Puede eliminar las siguientes líneas para obtener espacio adicional 
; con el fin de personalizar este archivo en un disco de instalación completa.
; 
; XXXXXXXXXXXXXXXXXXXXXXXXXXXXXXXXXXXXXXXXXXXXXXXXXXXXXXXXXXXX
; XXXXXXXXXXXXXXXXXXXXXXXXXXXXXXXXXXXXXXXXXXXXXXXXXXXXXXXXXXXX
; XXXXXXXXXXXXXXXXXXXXXXXXXXXXXXXXXXXXXXXXXXXXXXXXXXXXXXXXXXXX
; XXXXXXXXXXXXXXXXXXXXXXXXXXXXXXXXXXXXXXXXXXXXXXXXXXXXXXXXXXXX
; XXXXXXXXXXXXXXXXXXXXXXXXXXXXXXXXXXXXXXXXXXXXXXXXXXXXXXXXXXXX
; XXXXXXXXXXXXXXXXXXXXXXXXXXXXXXXXXXXXXXXXXXXXXXXXXXXXXXXXXXXX
; XXXXXXXXXXXXXXXXXXXXXXXXXXXXXXXXXXXXXXXXXXXXXXXXXXXXXXXXXXXX
; XXXXXXXXXXXXXXXXXXXXXXXXXXXXXXXXXXXXXXXXXXXXXXXXXXXXXXXXXXXX
; XXXXXXXXXXXXXXXXXXXXXXXXXXXXXXXXXXXXXXXXXXXXXXXXXXXXXXXXXXXX
; XXXXXXXXXXXXXXXXXXXXXXXXXXXXXXXXXXXXXXXXXXXXXXXXXXXXXXXXXXXX
; XXXXXXXXXXXXXXXXXXXXXXXXXXXXXXXXXXXXXXXXXXXXXXXXXXXXXXXXXXXX
; XXXXXXXXXXXXXXXXXXXXXXXXXXXXXXXXXXXXXXXXXXXXXXXXXXXXXXXXXXXX
; XXXXXXXXXXXXXXXXXXXXXXXXXXXXXXXXXXXXXXXXXXXXXXXXXXXXXXXXXXXX
; XXXXXXXXXXXXXXXXXXXXXXXXXXXXXXXXXXXXXXXXXXXXXXXXXXXXXXXXXXXX
; XXXXXXXXXXXXXXXXXXXXXXXXXXXXXXXXXXXXXXXXXXXXXXXXXXXXXXXXXXXX
; XXXXXXXXXXXXXXXXXXXXXXXXXXXXXXXXXXXXXXXXXXXXXXXXXXXXXXXXXXXX
; XXXXXXXXXXXXXXXXXXXXXXXXXXXXXXXXXXXXXXXXXXXXXXXXXXXXXXXXXXXX
; XXXXXXXXXXXXXXXXXXXXXXXXXXXXXXXXXXXXXXXXXXXXXXXXXXXXXXXXXXXX
; XXXXXXXXXXXXXXXXXXXXXXXXXXXXXXXXXXXXXXXXXXXXXXXXXXXXXXXXXXXX
; XXXXXXXXXXXXXXXXXXXXXXXXXXXXXXXXXXXXXXXXXXXXXXXXXXXXXXXXXXXX
; XXXXXXXXXXXXXXXXXXXXXXXXXXXXXXXXXXXXXXXXXXXXXXXXXXXXXXXXXXXX
; XXXXXXXXXXXXXXXXXXXXXXXXXXXXXXXXXXXXXXXXXXXXXXXXXXXXXXXXXXXX
; XXXXXXXXXXXXXXXXXXXXXXXXXXXXXXXXXXXXXXXXXXXXXXXXXXXXXXXXXXXX
; XXXXXXXXXXXXXXXXXXXXXXXXXXXXXXXXXXXXXXXXXXXXXXXXXXXXXXXXXXXX
; XXXXXXXXXXXXXXXXXXXXXXXXXXXXXXXXXXXXXXXXXXXXXXXXXXXXXXXXXXXX
; XXXXXXXXXXXXXXXXXXXXXXXXXXXXXXXXXXXXXXXXXXXXXXXXXXXXXXXXXXXX
; XXXXXXXXXXXXXXXXXXXXXXXXXXXXXXXXXXXXXXXXXXXXXXXXXXXXXXXXXXXX
; XXXXXXXXXXXXXXXXXXXXXXXXXXXXXXXXXXXXXXXXXXXXXXXXXXXXXXXXXXXX
; XXXXXXXXXXXXXXXXXXXXXXXXXXXXXXXXXXXXXXXXXXXXXXXXXXXXXXXXXXXX
; XXXXXXXXXXXXXXXXXXXXXXXXXXXXXXXXXXXXXXXXXXXXXXXXXXXXXXXXXXXX
; XXXXXXXXXXXXXXXXXXXXXXXXXXXXXXXXXXXXXXXXXXXXXXXXXXXXXXXXXXXX
; XXXXXXXXXXXXXXXXXXXXXXXXXXXXXXXXXXXXXXXXXXXXXXXXXXXXXXXXXXXX
; XXXXXXXXXXXXXXXXXXXXXXXXXXXXXXXXXXXXXXXXXXXXXXXXXXXXXXXXXXXX
; XXXXXXXXXXXXXXXXXXXXXXXXXXXXXXXXXXXXXXXXXXXXXXXXXXXXXXXXXXXX
; XXXXXXXXXXXXXXXXXXXXXXXXXXXXXXXXXXXXXXXXXXXXXXXXXXXXXXXXXXXX
